// Jest Snapshot v1, https://goo.gl/fbAQLP

exports[`checking if it renders correctly 1`] = `
Array [
  <div
    className="App"
  >
    <header
      className="App-header"
    >
      <img
        alt="logo"
        className="App-logo"
        src="logo.svg"
      />
      <p>
        Edit 
        <code>
          src/App.js
        </code>
         and save to reload.
      </p>
      <a
        className="App-link"
        href="https://reactjs.org"
        rel="noopener noreferrer"
        target="_blank"
      >
        Learn React
      </a>
    </header>
  </div>,
  <br />,
  <div
    className="body"
  >
    <p>
      You clicked the 'Click me' button 
      0
       times
    </p>
    <button
      className="sc-bdVaJa iyDYld"
      onClick={[Function]}
    >
      Click me.
    </button>
    <br />
    <p>
      Please wait.
    </p>
  </div>,
]
`;
